*** Using Compiler 'V5.06 update 6 (build 750)', folder: 'D:\STM32\keil5\ARM\ARMCC\Bin'
Rebuild target 'Target 1'
compiling core_cm3.c...
assembling startup_stm32f10x_md.s...
compiling stm32f10x_can.c...
compiling misc.c...
compiling stm32f10x_dbgmcu.c...
compiling stm32f10x_exti.c...
compiling stm32f10x_crc.c...
compiling stm32f10x_flash.c...
compiling stm32f10x_bkp.c...
compiling system_stm32f10x.c...
compiling stm32f10x_cec.c...
compiling stm32f10x_dma.c...
compiling stm32f10x_dac.c...
compiling stm32f10x_fsmc.c...
compiling stm32f10x_adc.c...
compiling stm32f10x_iwdg.c...
compiling stm32f10x_i2c.c...
compiling stm32f10x_pwr.c...
compiling stm32f10x_gpio.c...
compiling stm32f10x_rtc.c...
compiling stm32f10x_rcc.c...
compiling stm32f10x_sdio.c...
compiling stm32f10x_wwdg.c...
compiling stm32f10x_tim.c...
compiling MyDelay.c...
compiling stm32f10x_spi.c...
compiling stm32f10x_usart.c...
compiling OLED.c...
compiling Delay.c...
compiling Car.c...
compiling PWM.c...
compiling motor.c...
compiling Servo.c...
compiling Serial.c...
compiling Ultrasound.c...
Hardware\Ultrasound.c(47): warning:  #1-D: last line of file ends without a newline
  }
Hardware\Ultrasound.c: 1 warning, 0 errors
compiling stm32f10x_it.c...
compiling main.c...
compiling Ir_obstacle.c...
linking...
.\Objects\Project.axf: Error: L6200E: Symbol Cnt multiply defined (by pwm.o and oled.o).
.\Objects\Project.axf: Error: L6200E: Symbol Cnt multiply defined (by motor.o and oled.o).
.\Objects\Project.axf: Error: L6200E: Symbol Cnt multiply defined (by car.o and oled.o).
.\Objects\Project.axf: Error: L6200E: Symbol Cnt multiply defined (by serial.o and oled.o).
.\Objects\Project.axf: Error: L6200E: Symbol Cnt multiply defined (by servo.o and oled.o).
.\Objects\Project.axf: Error: L6200E: Symbol Cnt multiply defined (by ultrasound.o and oled.o).
.\Objects\Project.axf: Error: L6200E: Symbol Cnt multiply defined (by ir_obstacle.o and oled.o).
.\Objects\Project.axf: Error: L6200E: Symbol Cnt multiply defined (by main.o and oled.o).
.\Objects\Project.axf: Error: L6200E: Symbol OverCnt multiply defined (by pwm.o and oled.o).
.\Objects\Project.axf: Error: L6200E: Symbol OverCnt multiply defined (by motor.o and oled.o).
.\Objects\Project.axf: Error: L6200E: Symbol OverCnt multiply defined (by car.o and oled.o).
.\Objects\Project.axf: Error: L6200E: Symbol OverCnt multiply defined (by serial.o and oled.o).
.\Objects\Project.axf: Error: L6200E: Symbol OverCnt multiply defined (by servo.o and oled.o).
.\Objects\Project.axf: Error: L6200E: Symbol OverCnt multiply defined (by ultrasound.o and oled.o).
.\Objects\Project.axf: Error: L6200E: Symbol OverCnt multiply defined (by ir_obstacle.o and oled.o).
.\Objects\Project.axf: Error: L6200E: Symbol OverCnt multiply defined (by main.o and oled.o).
Not enough information to list image symbols.
Not enough information to list load addresses in the image map.
Finished: 2 information, 0 warning and 16 error messages.
".\Objects\Project.axf" - 16 Error(s), 1 Warning(s).
Target not created.
Build Time Elapsed:  00:00:02
