*** Using Compiler 'V5.06 update 6 (build 750)', folder: 'D:\STM32\keil5\ARM\ARMCC\Bin'
Rebuild target 'Target 1'
assembling startup_stm32f10x_md.s...
compiling stm32f10x_crc.c...
compiling core_cm3.c...
compiling stm32f10x_can.c...
compiling stm32f10x_exti.c...
compiling misc.c...
compiling stm32f10x_bkp.c...
compiling stm32f10x_dbgmcu.c...
compiling stm32f10x_flash.c...
compiling system_stm32f10x.c...
compiling stm32f10x_dac.c...
compiling stm32f10x_cec.c...
compiling stm32f10x_dma.c...
compiling stm32f10x_fsmc.c...
compiling stm32f10x_adc.c...
compiling stm32f10x_gpio.c...
compiling stm32f10x_i2c.c...
compiling stm32f10x_pwr.c...
compiling stm32f10x_iwdg.c...
compiling stm32f10x_rtc.c...
compiling stm32f10x_rcc.c...
compiling MyDelay.c...
compiling stm32f10x_wwdg.c...
compiling Delay.c...
compiling OLED.c...
compiling PWM.c...
compiling stm32f10x_usart.c...
compiling motor.c...
compiling stm32f10x_spi.c...
compiling stm32f10x_tim.c...
compiling stm32f10x_sdio.c...
compiling Car.c...
compiling Serial.c...
compiling Servo.c...
compiling Ir_obstacle.c...
compiling Ultrasound.c...
Hardware\Ultrasound.c(48): warning:  #1-D: last line of file ends without a newline
  }
Hardware\Ultrasound.c: 1 warning, 0 errors
compiling stm32f10x_it.c...
compiling main.c...
linking...
Program Size: Code=8900 RO-data=268 RW-data=24 ZI-data=1632  
".\Objects\Project.axf" - 0 Error(s), 1 Warning(s).
Build Time Elapsed:  00:00:02
